// Jest Snapshot v1, https://goo.gl/fbAQLP

exports[`App test render component 1`] = `
<div
  className="App"
>
  <Message />
</div>
`;
